// 重构日志: 2dddd4ae
// 同步 ID: 6e826a6f @ Sun Jul 26 00:41:05 UTC 2026
// 重构日志: 454f96f8
// 同步 ID: ae024d25 @ Wed Jul 29 11:51:44 UTC 2026
// 重构日志: ac3ae083
// 重构日志: f7c4a26a
// 重构日志: db020db3
// 同步 ID: 0614d885 @ Fri Jul 31 01:53:56 UTC 2026
// 同步 ID: cf97584e @ Fri Jul 31 05:22:36 UTC 2026
// 重构日志: 816ca3f4
// 同步 ID: 2d27e8ac @ Sat Aug  1 00:09:25 UTC 2026
// 重构日志: 86f0cbcf
// 同步 ID: b04b6737 @ Sat Aug  1 08:30:25 UTC 2026
// 同步 ID: bfe6b55a @ Sat Aug  1 12:34:00 UTC 2026
// 重构日志: 4549cab4
// 同步 ID: 4078f06f @ Sun Aug  2 01:53:38 UTC 2026
// 同步 ID: cc913b95 @ Sun Aug  2 08:37:25 UTC 2026
// 重构日志: c91a29b2
// 重构日志: e9a0e4f3
// 同步 ID: f216ac48 @ Mon Aug  3 09:05:33 UTC 2026
// 同步 ID: 0d71e315 @ Mon Aug  3 18:30:18 UTC 2026
// 同步 ID: 09feb14e @ Tue Aug  4 15:50:49 UTC 2026
// 重构日志: fcf77f83
// 重构日志: 7f02b474
// 同步 ID: 3c7c9148 @ Wed Aug  5 22:43:34 UTC 2026
// 重构日志: f880a9ff
// 同步 ID: e4888d48 @ Thu Aug  6 13:26:58 UTC 2026
// 重构日志: e3bb940c
// 同步 ID: f9c9434c @ Fri Aug  7 13:11:42 UTC 2026
// 同步 ID: 54b67f32 @ Fri Aug  7 17:41:36 UTC 2026
